iC-86  COMPILER   READDATA                                                                   04/13/<0 09:59:26  PAGE   1


DOS 5.0 (045-N) iC-86 COMPILER V4.1, COMPILATION OF MODULE READDATA
OBJECT MODULE PLACED IN ReadData.OBJ
COMPILER INVOKED BY: C:\IC86_41\IC86.EXE ReadData.c mod86 code searchinclude(C:\IC86_41\) 

 line level  incl 

    1             #include <I86.H>
    2             
    3             #define     DISP_CTRL_ADDR  0x0FFEA
    4             #define     DISP_STAT_ADDR  0x0FFEA
    5             #define     DISP_DATA_ADDR  0x0FFE8
    6             
    7             typedef char int8_t;
    8             typedef unsigned char uint8_t;
    9             typedef short int16_t;
   10             typedef unsigned short uint16_t;
   11             typedef long int32_t;
   12             typedef unsigned long uint32_t;
   13             
   14             uint16_t ReadData()
   15             {
   16     1           outword(DISP_CTRL_ADDR, 0x040);
   17     1           return(inword(DISP_DATA_ADDR));
   18     1       }
iC-86  COMPILER   READDATA                                                                   04/13/<0 09:59:26  PAGE   2
                  ASSEMBLY LISTING OF OBJECT CODE


                                                   ; STATEMENT # 15
                           ReadData      PROC NEAR
             0000  55              PUSH    BP
             0001  8BEC            MOV     BP,SP
                           @1:
                                                   ; STATEMENT # 16
             0003  B84000          MOV     AX,40H
             0006  BAEAFF          MOV     DX,0FFEAH
             0009  EF              OUT     DX,AX
                                                   ; STATEMENT # 17
             000A  BAE8FF          MOV     DX,0FFE8H
             000D  ED              IN      AX,DX
             000E  5D              POP     BP
             000F  C3              RET
                                                   ; STATEMENT # 18
                           ReadData      ENDP



MODULE INFORMATION:

     CODE AREA SIZE               = 0010H     16D
     CONSTANT AREA SIZE           = 0000H      0D
     DATA AREA SIZE               = 0000H      0D
     MAXIMUM STACK SIZE           = 0002H      2D

iC-86 COMPILATION COMPLETE.      0 WARNINGS,     0 ERRORS
